{
 "event_lowers": {
  "(0,)": 0.2,
  "(1,)": 0.3,
  "(2,)": 0.1,
  "(0, 1)": 0.5,
  "(0, 2)": 0.5,
  "(1, 2)": 0.6
 },
 "core_vertices": [
  [
   0.2,
   0.3,
   0.5
  ],
  [
   0.2,
   0.5,
   0.3
  ],
  [
   0.4,
   0.3,
   0.3
  ],
  [
   0.4,
   0.5,
   0.1
  ]
 ],
 "hull_E": [
  35.0,
  51.0
 ],
 "core_E": [
  33.0,
  53.0
 ],
 "dempster_a_given_B": [
  0.3,
  0.6
 ],
 "GBR_a_given_B": [
  0.3,
  1.0
 ],
 "ncc_[np.int64(9), np.int64(7), np.int64(2)]": {
  "intervals": [
   [
    0.45,
    0.55
   ],
   [
    0.35,
    0.45
   ],
   [
    0.1,
    0.2
   ]
  ],
  "undominated": [
   1,
   2
  ],
  "triples": [
   [
    0.45,
    0.1,
    0.45
   ],
   [
    0.35,
    0.1,
    0.55
   ],
   [
    0.1,
    0.1,
    0.8
   ]
  ]
 },
 "ncc_[np.int64(18), np.int64(14), np.int64(4)]": {
  "intervals": [
   [
    0.474,
    0.526
   ],
   [
    0.368,
    0.421
   ],
   [
    0.105,
    0.158
   ]
  ],
  "undominated": [
   1
  ],
  "triples": [
   [
    0.474,
    0.053,
    0.474
   ],
   [
    0.368,
    0.053,
    0.579
   ],
   [
    0.105,
    0.053,
    0.842
   ]
  ]
 },
 "manski": [
  0.6588,
  0.7765
 ],
 "pidm_s2": [
  0.6512,
  0.7791
 ],
 "pidm_s1": [
  0.655,
  0.7778
 ],
 "pidm_s0.1": [
  0.6584,
  0.7766
 ]
}
ALL CHECKS PASSED
