{'we7.T': 0.5, 'we7.F': 0.1666666716337204, 'we7.C': 0.0, 'we7.U': 0.0, 'we7.N': 0.0, 'we7.G': 0.3333333432674408, 'we7.edl_b': 0.5, 'we7.edl_u': 0.3333333333333333, 'we7.dissonance': 0.3333333432674408, 'we7.loss_T': 0.5679839849472046, 'we7.loss_C': 2.70805025100708}
numbers: 470
e23.D4_reduction                              0.0000
e23.averitec.D3.edl_vac_on_edl_errors         0.6940
e23.averitec.D3.rnel_I_vac_on_rnel_errors     0.7010
e23.averitec.D3.softmax_1_minus_msp_on_softmax_errors 0.7133
e23.averitec.R1_rnel_minus_edl_macro          -0.0051
e23.averitec.R1_rnel_minus_edl_macro.hi       0.0053
e23.averitec.R1_rnel_minus_edl_macro.lo       -0.0156
e23.averitec.R2_rnel_minus_rule_F1C           0.1228
e23.averitec.R2_rnel_minus_rule_F1C.hi        0.1760
e23.averitec.R2_rnel_minus_rule_F1C.lo        0.0714
e23.averitec.R2_rnel_minus_softmax_F1C        0.0146
e23.averitec.R2_rnel_minus_softmax_F1C.hi     0.0365
e23.averitec.R2_rnel_minus_softmax_F1C.lo     -0.0076
e23.averitec.def81.C.C                        0.1986
e23.averitec.def81.C.G                        0.3357
e23.averitec.def81.C.N                        0.0919
e23.averitec.def81.N.C                        0.0792
e23.averitec.def81.N.G                        0.3356
e23.averitec.def81.N.N                        0.2821
e23.averitec.def81.T.C                        0.0823
e23.averitec.def81.T.G                        0.2982
e23.averitec.def81.T.N                        0.0607
e23.averitec.desc_rnel_minus_sl_F1C           0.0943
e23.averitec.desc_rnel_minus_sl_F1C.hi        0.1463
e23.averitec.desc_rnel_minus_sl_F1C.lo        0.0418
e23.averitec.f1C.edl                          0.2229
e23.averitec.f1C.logreg                       0.1981
e23.averitec.f1C.rnel                         0.2205
e23.averitec.f1C.rule                         0.0977
e23.averitec.f1C.sl                           0.1263
e23.averitec.f1C.softmax                      0.2060
e23.averitec.macro.edl                        0.4878
e23.averitec.macro.logreg                     0.3374
e23.averitec.macro.rnel                       0.4827
e23.averitec.macro.rule                       0.3338
e23.averitec.macro.sl                         0.3522
e23.averitec.macro.softmax                    0.4693
e23.averitec.n                                3568.0000
e23.averitec.nC                               233.0000
e23.averitec.prev_C                           0.0653
e23.chaos.rnel_I_amb                          0.2340
e23.chaos.softmax_entropy                     0.2302
e23.chaos.softmax_pU                          0.2171
e23.climate.D3.edl_vac_on_edl_errors          0.6170
e23.climate.D3.rnel_I_vac_on_rnel_errors      0.5567
e23.climate.D3.softmax_1_minus_msp_on_softmax_errors 0.6608
e23.climate.R1_rnel_minus_edl_macro           -0.0063
e23.climate.R1_rnel_minus_edl_macro.hi        0.0108
e23.climate.R1_rnel_minus_edl_macro.lo        -0.0222
e23.climate.R2_rnel_minus_rule_F1C            0.1109
e23.climate.R2_rnel_minus_rule_F1C.hi         0.1745
e23.climate.R2_rnel_minus_rule_F1C.lo         0.0520
e23.climate.R2_rnel_minus_softmax_F1C         -0.0089
e23.climate.R2_rnel_minus_softmax_F1C.hi      0.0343
e23.climate.R2_rnel_minus_softmax_F1C.lo      -0.0511
e23.climate.def81.C.C                         0.2052
e23.climate.def81.C.G                         0.2705
e23.climate.def81.C.N                         0.1703
e23.climate.def81.N.C                         0.1312
e23.climate.def81.N.G                         0.2598
e23.climate.def81.N.N                         0.2836
e23.climate.def81.T.C                         0.1395
e23.climate.def81.T.G                         0.2377
e23.climate.def81.T.N                         0.1743
e23.climate.desc_rnel_minus_sl_F1C            0.0804
e23.climate.desc_rnel_minus_sl_F1C.hi         0.1478
e23.climate.desc_rnel_minus_sl_F1C.lo         0.0112
e23.climate.f1C.edl                           0.2419
e23.climate.f1C.logreg                        0.2118
e23.climate.f1C.rnel                          0.2336
e23.climate.f1C.rule                          0.1226
e23.climate.f1C.sl                            0.1532
e23.climate.f1C.softmax                       0.2425
e23.climate.macro.edl                         0.4716
e23.climate.macro.logreg                      0.3622
e23.climate.macro.rnel                        0.4653
e23.climate.macro.rule                        0.2884
e23.climate.macro.sl                          0.2820
e23.climate.macro.softmax                     0.4675
e23.climate.n                                 1535.0000
e23.climate.nC                                154.0000
e23.climate.prev_C                            0.1003
e24.averitec.N_vacuity_pp                     0.6191
e24.averitec.auroc.C_src                      0.7192
e24.averitec.auroc.C_src_NLI                  0.6815
e24.averitec.auroc.D_DS                       0.6677
e24.averitec.auroc.D_fused                    0.6892
e24.averitec.auroc.count                      0.7241
e24.averitec.auroc.vacuity_pp                 0.5712
e24.averitec.auroc.zeroshot_rule              0.6166
e24.averitec.diff_Csrc_Dfused                 0.0300
e24.averitec.diff_Csrc_Dfused.hi              0.0473
e24.averitec.diff_Csrc_Dfused.lo              0.0112
e24.averitec.diff_Csrc_NLI                    0.0377
e24.averitec.tf_ds                            0.8033
e24.averitec.tf_pp                            0.8032
e24.climate.N_vacuity_pp                      0.6248
e24.climate.auroc.C_src                       0.6986
e24.climate.auroc.C_src_NLI                   0.5956
e24.climate.auroc.D_DS                        0.6545
e24.climate.auroc.D_fused                     0.7190
e24.climate.auroc.count                       0.5000
e24.climate.auroc.vacuity_pp                  0.5341
e24.climate.auroc.zeroshot_rule               0.5554
e24.climate.diff_Csrc_Dfused                  -0.0204
e24.climate.diff_Csrc_Dfused.hi               -0.0031
e24.climate.diff_Csrc_Dfused.lo               -0.0375
e24.climate.diff_Csrc_NLI                     0.1030
e24.climate.tf_ds                             0.7933
e24.climate.tf_pp                             0.7935
e25.gas.bigerr.C_RNEL                         0.3371
e25.gas.bigerr.Dist                           0.6308
e25.gas.bigerr.G_RNEL                         0.6765
e25.gas.bigerr.MoNIG_var                      0.6706
e25.gas.fault.C_RNEL                          0.4983
e25.gas.fault.Dist                            0.8612
e25.gas.fault.G_RNEL                          0.5108
e25.gas.fault.MoNIG_var                       0.7340
e25.intel.fault.C_RNEL                        0.7748
e25.intel.fault.Dist                          0.9637
e25.intel.fault.G_RNEL                        0.2402
e25.intel.fault.MoNIG_var                     0.9285
e25.intel.selrmse.C_RNEL                      22.6390
e25.intel.selrmse.Dist                        35.9403
e25.intel.selrmse.G_RNEL                      36.7238
e25.intel.selrmse.MoNIG_var                   34.8370
e26.ambiguous.U                               0.7507
e26.ambiguous.view_entropy                    0.6444
e26.conflict.C                                0.9315
e26.conflict.max_js                           0.8748
e26.outlier.N                                 0.9143
e26.outlier.knn_ratio                         0.8342
e27.dsa.ambiguous.diff                        0.0451
e27.dsa.ambiguous.won                         13.0000
e27.dsa.conflict.diff                         0.0798
e27.dsa.conflict.won                          16.0000
e27.dsa.outlier.diff                          -0.0421
e27.dsa.outlier.direct_diff                   0.0160
e27.dsa.outlier.won                           10.0000
e28.dsa.H1.diff                               -0.0014
e28.dsa.H1.hi                                 0.0161
e28.dsa.H1.lo                                 -0.0168
e28.dsa.H2.S1                                 0.1270
e28.dsa.H2.S1.hi                              0.1360
e28.dsa.H2.S1.lo                              0.1181
e28.dsa.H2.S1.wins                            10.0000
e28.dsa.H2.S2                                 0.1865
e28.dsa.H2.S2.hi                              0.1957
e28.dsa.H2.S2.lo                              0.1764
e28.dsa.H2.S2.wins                            10.0000
e28.dsa.H3.S1                                 0.1739
e28.dsa.H3.S2                                 0.1684
e28.dsa.H4.uniform                            0.2000
e28.dsa.H4.weight                             0.0361
e28.dsa.S0.nmi.ecm                            0.8317
e28.dsa.S0.nmi.rnel                           0.8294
e28.dsa.S1.ecm_seconds                        46.3920
e28.dsa.S1.rnel_auroc                         0.8994
e28.dsa.S1.rnel_noC_auroc                     0.7255
e28.dsa.S1.rnel_seconds                       1.1268
e28.dsa.S4.wmvec_weight                       0.2011
e28.har.H1.diff                               -0.0034
e28.har.H1.hi                                 0.0083
e28.har.H1.lo                                 -0.0150
e28.har.H2.S1                                 0.0691
e28.har.H2.S1.hi                              0.0913
e28.har.H2.S1.lo                              0.0505
e28.har.H2.S1.wins                            10.0000
e28.har.H2.S2                                 0.2213
e28.har.H2.S2.hi                              0.2332
e28.har.H2.S2.lo                              0.2076
e28.har.H2.S2.wins                            10.0000
e28.har.H3.S1                                 0.0104
e28.har.H3.S2                                 0.0653
e28.har.H4.uniform                            0.5000
e28.har.H4.weight                             0.2368
e28.har.S0.nmi.ecm                            0.5674
e28.har.S0.nmi.rnel                           0.5035
e28.har.S1.ecm_seconds                        72.2361
e28.har.S1.rnel_auroc                         0.8332
e28.har.S1.rnel_noC_auroc                     0.8228
e28.har.S1.rnel_seconds                       1.2120
e28.har.S4.wmvec_weight                       0.5188
e30.dsa.S1.best                               0.7985
e30.dsa.S1.best_name                          ecm_betp_entropy
e30.dsa.S1.knn                                0.7484
e30.dsa.S1.rnel                               0.8994
e30.dsa.S2.best                               0.7492
e30.dsa.S2.best_name                          knn_inconsistency
e30.dsa.S2.knn                                0.7492
e30.dsa.S2.rnel                               0.8881
e30.dsa.S5.best                               0.8982
e30.dsa.S5.best_name                          wmvec_betp_entropy
e30.dsa.S5.knn                                0.7364
e30.dsa.S5.rnel                               0.9431
e30.dsa.S6.best                               0.8067
e30.dsa.S6.best_name                          knn_inconsistency
e30.dsa.S6.knn                                0.8067
e30.dsa.S6.rnel                               0.7313
e30.dsa.S7.best                               0.6712
e30.dsa.S7.best_name                          knn_inconsistency
e30.dsa.S7.knn                                0.6712
e30.dsa.S7.rnel                               0.5583
e30.dsa.S8.best                               0.7915
e30.dsa.S8.best_name                          ecm_betp_entropy
e30.dsa.S8.knn                                0.7258
e30.dsa.S8.rnel                               0.8882
e30.har.S1.best                               0.8706
e30.har.S1.best_name                          knn_inconsistency
e30.har.S1.knn                                0.8706
e30.har.S1.rnel                               0.8331
e30.har.S2.best                               0.8766
e30.har.S2.best_name                          knn_inconsistency
e30.har.S2.knn                                0.8766
e30.har.S2.rnel                               0.8740
e30.har.S5.best                               0.8967
e30.har.S5.best_name                          wmvec_empty_mass
e30.har.S5.knn                                0.6923
e30.har.S5.rnel                               0.9847
e30.har.S6.best                               0.5567
e30.har.S6.best_name                          knn_inconsistency
e30.har.S6.knn                                0.5567
e30.har.S6.rnel                               0.5044
e30.har.S7.best                               0.7828
e30.har.S7.best_name                          knn_inconsistency
e30.har.S7.knn                                0.7828
e30.har.S7.rnel                               0.6441
e30.har.S8.best                               0.8448
e30.har.S8.best_name                          knn_inconsistency
e30.har.S8.knn                                0.8448
e30.har.S8.rnel                               0.8614
e31.dsa.AL1.S1                                -0.3780
e31.dsa.AL1.S2                                -0.3005
e31.dsa.AL1.S8                                -0.2225
e31.dsa.AL2.S1                                -0.0420
e31.dsa.AL2.S2                                -0.0356
e31.dsa.AL2.S8                                -0.0531
e31.dsa.AL3.S1                                -0.0394
e31.dsa.AL3.S2                                -0.0342
e31.dsa.AL3.S8                                -0.0503
e31.dsa.cold_vs_kmeans.S1                     0.0036
e31.dsa.cold_vs_kmeans.S2                     0.0172
e31.dsa.cold_vs_kmeans.S8                     0.0088
e31.dsa.l2t.rnel_margin.S1                    110.0000
e31.dsa.l2t.rnel_margin.S1.reached            9.0000
e31.dsa.l2t.rnel_margin_rel.S1                170.0000
e31.dsa.l2t.rnel_margin_rel.S1.reached        5.0000
e31.har.AL1.S1                                -0.2070
e31.har.AL1.S2                                -0.2775
e31.har.AL1.S8                                -0.1380
e31.har.AL2.S1                                -0.0207
e31.har.AL2.S2                                0.0019
e31.har.AL2.S8                                -0.0230
e31.har.AL3.S1                                -0.0093
e31.har.AL3.S2                                -0.0028
e31.har.AL3.S8                                -0.0123
e31.har.cold_vs_kmeans.S1                     0.0129
e31.har.cold_vs_kmeans.S2                     0.0463
e31.har.cold_vs_kmeans.S8                     0.0369
e31.har.l2t.rnel_margin.S1                    125.0000
e31.har.l2t.rnel_margin.S1.reached            10.0000
e31.har.l2t.rnel_margin_rel.S1                155.0000
e31.har.l2t.rnel_margin_rel.S1.reached        10.0000
e32.dsa.S8.conflict_only                      0.9119
e32.dsa.S8.full                               0.8882
e32.dsa.S8.knn_inconsistency                  0.7258
e32.dsa.S8.no_conflict                        0.7171
e32.dsa.S8.support_only                       0.7162
e32.dsa.swapped.hoad                          0.8779
e32.dsa.swapped.knn_inconsistency             0.5810
e32.dsa.swapped.rnel_conflict_only            0.8677
e32.dsa.swapped.rnel_full                     0.8337
e32.har.S8.conflict_only                      0.6201
e32.har.S8.full                               0.8614
e32.har.S8.knn_inconsistency                  0.8448
e32.har.S8.no_conflict                        0.8142
e32.har.S8.support_only                       0.8156
e32.har.swapped.hoad                          0.5468
e32.har.swapped.knn_inconsistency             0.6221
e32.har.swapped.rnel_conflict_only            0.4796
e32.har.swapped.rnel_full                     0.7842
e35.HandWritten.acc_clean.RCML                0.9790
e35.HandWritten.acc_clean.RNEL                0.9815
e35.HandWritten.acc_corrupt.RCML              0.9280
e35.HandWritten.acc_corrupt.RNEL              0.9495
e35.HandWritten.auroc.B1_vacuity              0.5370
e35.HandWritten.auroc.B2_dissonance           0.7505
e35.HandWritten.auroc.B3_RCML_DC              0.7215
e35.HandWritten.auroc.B4_TMC_K                0.8232
e35.HandWritten.auroc.B5_plurality            0.7108
e35.HandWritten.auroc.R1_Cstar                0.8813
e35.HandWritten.auroc.R2_Def84_maxpair        0.7891
e35.HandWritten.loc.Cstar                     0.8787
e35.HandWritten.loc.Plurality                 0.8762
e35.HandWritten.loc.RCML_DC                   0.6100
e35.HandWritten.loc.TMC_K                     0.8137
e35.HandWritten.order_changed                 0.3035
e35.PIE.acc_clean.RCML                        0.9485
e35.PIE.acc_clean.RNEL                        0.9382
e35.PIE.acc_corrupt.RCML                      0.8250
e35.PIE.acc_corrupt.RNEL                      0.8515
e35.PIE.auroc.B1_vacuity                      0.4935
e35.PIE.auroc.B2_dissonance                   0.8003
e35.PIE.auroc.B3_RCML_DC                      0.5600
e35.PIE.auroc.B4_TMC_K                        0.6623
e35.PIE.auroc.B5_plurality                    0.7621
e35.PIE.auroc.R1_Cstar                        0.9272
e35.PIE.auroc.R2_Def84_maxpair                0.5913
e35.PIE.loc.Cstar                             0.7333
e35.PIE.loc.Plurality                         0.4222
e35.PIE.loc.RCML_DC                           0.3889
e35.PIE.loc.TMC_K                             0.5370
e35.PIE.order_changed                         0.1971
e35.Scene.acc_clean.RCML                      0.7106
e35.Scene.acc_clean.RNEL                      0.6863
e35.Scene.acc_corrupt.RCML                    0.6127
e35.Scene.acc_corrupt.RNEL                    0.5904
e35.Scene.auroc.B1_vacuity                    0.5340
e35.Scene.auroc.B2_dissonance                 0.5662
e35.Scene.auroc.B3_RCML_DC                    0.4977
e35.Scene.auroc.B4_TMC_K                      0.4911
e35.Scene.auroc.B5_plurality                  0.6635
e35.Scene.auroc.R1_Cstar                      0.7126
e35.Scene.auroc.R2_Def84_maxpair              0.5059
e35.Scene.loc.Cstar                           0.6536
e35.Scene.loc.Plurality                       0.5737
e35.Scene.loc.RCML_DC                         0.3123
e35.Scene.loc.TMC_K                           0.2989
e35.Scene.order_changed                       0.2013
e36.averitec.auroc_S                          0.6714
e36.averitec.n_conflict                       222.0000
e36.averitec.n_items                          2765.0000
e36.averitec.strat.C*_K                       0.5663
e36.averitec.strat.entropy                    0.5216
e36.averitec.strat.width_hull                 0.5226
e36.averitec.strat.width_src                  0.5842
e36.averitec.t1.C*_K                          0.5881
e36.averitec.t1.entropy                       0.5421
e36.averitec.t1.width_hull                    0.4149
e36.averitec.t1.width_src                     0.6517
e36.averitec.t2.C*_K                          0.6355
e36.averitec.t2.entropy                       0.7364
e36.averitec.t2.width_hull                    0.6330
e36.averitec.t2.width_src                     0.5423
e36.climate.n_conflict                        154.0000
e36.climate.n_items                           1535.0000
e36.climate.t1.C*_K                           0.5291
e36.climate.t1.entropy                        0.6436
e36.climate.t1.width_hull                     0.4787
e36.climate.t1.width_src                      0.5347
e36.climate.t2.C*_K                           0.5540
e36.climate.t2.entropy                        0.6340
e36.climate.t2.width_hull                     0.5571
e36.climate.t2.width_src                      0.5501
e40.S1_agreement.Cstar                        0.0000
e40.S1_agreement.kappa                        0.7365
e40.S1_agreement.u                            0.0013
e40.S2_conflict.Cstar                         0.8891
e40.S2_conflict.kappa                         0.9997
e40.S2_conflict.u                             0.0013
e40.S3_ambiguity.Cstar                        0.0271
e40.S3_ambiguity.kappa                        0.9672
e40.S3_ambiguity.u                            0.0013
we1.C_def84                                   0.5120
we1.Cstar                                     0.8889
we1.DC                                        0.5120
we1.G                                         0.1111
we1.Kb                                        8.0000
we1.PA                                        0.9000
we1.PB                                        0.1000
we1.T                                         0.4444
we1.bA                                        0.8000
we1.coin_C                                    0.0000
we1.coin_Cstar                                0.0000
we1.coin_Kw                                   8.0000
we1.decision_coin                             G
we1.decision_dispute                          C
we1.fused_b                                   0.4444
we1.fused_d                                   0.4444
we1.fused_u                                   0.1111
we1.total_def84                               1.5120
we1.uA                                        0.2000
we2.C                                         0.0833
we2.F                                         0.1667
we2.G                                         0.1667
we2.N                                         0.1667
we2.Sigma                                     12.0000
we2.T                                         0.3333
we2.U                                         0.0833
we2.decision                                  T
we2.sl_P                                      0.5833
we2.sl_b                                      0.3333
we2.sl_d                                      0.1667
we2.sl_u                                      0.5000
we2.total                                     1.0000
we3.Cstar                                     0.6000
we3.Cwithin                                   0.3000
we3.Kb                                        6.0000
we3.Kw                                        3.0000
we3.R                                         9.0000
we3.S                                         9.0000
we3.maxpair                                   0.4219
we3.seq_ABC                                   0.4219
we3.seq_ACB                                   0.3788
we3.seq_BAC                                   0.4219
we3.seq_BCA                                   0.3788
we3.seq_CAB                                   0.3788
we3.seq_CBA                                   0.3788
we3.seq_max                                   0.4219
we3.seq_min                                   0.3788
we4.G_f3                                      0.4000
we4.G_t1f3                                    0.3333
we4.f3                                        G
we4.required_side                             3.0000
we4.t1f3_new                                  G
we4.t1f3_old                                  F
we5.after_b                                   0.4286
we5.after_d                                   0.2857
we5.after_u                                   0.2857
we5.anti_P                                    0.0000
we5.anti_b                                    -0.3333
we5.anti_beta_ok                              False
we5.anti_d                                    0.6667
we5.anti_u                                    0.6667
we5.before_b                                  0.6364
we5.before_d                                  0.1818
we5.before_u                                  0.1818
we6.and_C                                     0.0500
we6.and_F                                     0.3250
we6.and_G                                     0.2875
we6.and_N                                     0.1875
we6.and_T                                     0.1500
we6.and_mass                                  1.0000
we6.demorgan_err                              0.0000
we6.x_T                                       0.6000
we6.y_T                                       0.2500
we7.C                                         0.0000
we7.F                                         0.1667
we7.G                                         0.3333
we7.N                                         0.0000
we7.T                                         0.5000
we7.U                                         0.0000
we7.dissonance                                0.3333
we7.edl_b                                     0.5000
we7.edl_u                                     0.3333
we7.loss_C                                    2.7081
we7.loss_T                                    0.5680
we8.ds.Bel                                    0.5000
we8.ds.Pl                                     0.7000
we8.ds.Theta                                  0.2000
we8.ds.notx                                   0.3000
we8.ds.regime                                 DS
we8.ds.x                                      0.5000
we8.dsm.Bel                                   0.6000
we8.dsm.Belnot                                0.5000
we8.dsm.Theta                                 0.2000
we8.dsm.glut                                  0.3000
we8.dsm.notx                                  0.2000
we8.dsm.regime                                DSm
we8.dsm.x                                     0.3000
we8.lift.regime                               lifting
we8.tbm.Bel                                   0.4000
we8.tbm.Pl                                    0.6000
we8.tbm.Theta                                 0.2000
we8.tbm.empty                                 0.2000
we8.tbm.notx                                  0.2000
we8.tbm.regime                                TBM
we8.tbm.x                                     0.4000
