generality: 249
GA.big.G                                         0.0000
GA.big.T                                         0.7500
GA.lift_represents                               True
GA.retraction_b                                  0.7000
GA.retraction_u                                  0.0000
GA.t30f10.F                                      0.2381
GA.t30f10.G                                      0.0476
GA.t30f10.T                                      0.7143
GB.complete.b                                    0.4000
GB.complete.d                                    0.4000
GB.complete.glut_lower                           0.0000
GB.complete.incompleteness                       0.0000
GB.complete.minimal_lift                         True
GB.complete.paraconsistency                      0.0000
GB.complete.sum                                  1.0000
GB.complete.u                                    0.2000
GB.fixed_point                                   True
GB.incomplete.b                                  0.4000
GB.incomplete.d                                  0.4000
GB.incomplete.glut_lower                         0.0000
GB.incomplete.incompleteness                     0.2000
GB.incomplete.minimal_lift                       True
GB.incomplete.paraconsistency                    0.0000
GB.incomplete.sum                                0.8000
GB.incomplete.u                                  0.2000
GB.overcomplete.b                                0.4000
GB.overcomplete.d                                0.4000
GB.overcomplete.glut_lower                       0.2000
GB.overcomplete.incompleteness                   0.0000
GB.overcomplete.minimal_lift                     True
GB.overcomplete.paraconsistency                  0.5000
GB.overcomplete.sum                              1.5000
GB.overcomplete.u                                0.2000
GB.same_SL_opinion                               True
GC.b.belnap_represents                           True
GC.b.minimal_represents                          True
GC.f.belnap_represents                           True
GC.f.minimal_represents                          True
GC.n.belnap_represents                           True
GC.n.minimal_represents                          True
GC.t.belnap_represents                           True
GC.t.minimal_represents                          True
GC.x.belnap_empty                                True
GC.x.belnap_represents                           False
GC.x.disjoint_represents                         False
GC.x.glut_lower                                  0.5000
GC.x.minimal_represents                          True
GC.y.belnap_represents                           True
GC.y.disjoint_represents                         False
GD.F                                             0.2000
GD.I                                             0.2000
GD.L                                             0.6000
GD.T                                             0.6000
GD.U                                             0.8000
GD.sl_equals_idm                                 True
GD.width_minus_I                                 0.0000
GE.C.C                                           0.4000
GE.C.F                                           0.2000
GE.C.G                                           0.2000
GE.C.N                                           0.0000
GE.C.T                                           0.2000
GE.C.U                                           0.0000
GE.C.ci_hi                                       0.8000
GE.C.ci_lo                                       0.2000
GE.C.decision                                    C
GE.C.glut_total                                  1.4000
GE.C.sl_b                                        0.2000
GE.C.sl_d                                        0.2000
GE.C.sl_u                                        0.6000
GE.N.C                                           0.0000
GE.N.F                                           0.2000
GE.N.G                                           0.2000
GE.N.N                                           0.4000
GE.N.T                                           0.2000
GE.N.U                                           0.0000
GE.N.ci_hi                                       0.8000
GE.N.ci_lo                                       0.2000
GE.N.decision                                    N
GE.N.glut_total                                  0.6000
GE.N.sl_b                                        0.2000
GE.N.sl_d                                        0.2000
GE.N.sl_u                                        0.6000
GE.U.C                                           0.0000
GE.U.F                                           0.2000
GE.U.G                                           0.2000
GE.U.N                                           0.0000
GE.U.T                                           0.2000
GE.U.U                                           0.4000
GE.U.ci_hi                                       0.8000
GE.U.ci_lo                                       0.2000
GE.U.decision                                    U
GE.U.glut_total                                  1.0000
GE.U.sl_b                                        0.2000
GE.U.sl_d                                        0.2000
GE.U.sl_u                                        0.6000
GE.n_distinct_SL                                 1.0000
GE.n_distinct_credal                             1.0000
GF.C_def84_coin                                  0.0000
GF.C_def84_dispute                               0.5120
GF.Cstar_coin                                    0.0000
GF.Cstar_dispute                                 0.8889
GF.DC                                            0.5120
GF.Kw_coin                                       8.0000
GF.pooled_ci_hi                                  0.5556
GF.pooled_ci_lo                                  0.4444
GF.src1_ci_lo                                    0.8000
GF.src2_ci_hi                                    0.2000
GG.a.by_source.G                                 0.1667
GG.a.by_source.lab A                             0.2500
GG.a.by_source.lab B                             0.0833
GG.a.by_type.C                                   0.2500
GG.a.by_type.G                                   0.1667
GG.a.by_type.N                                   0.0833
GG.a.hi                                          0.8333
GG.a.lo                                          0.3333
GG.b.by_source.G                                 0.1667
GG.b.by_source.lab A                             0.0833
GG.b.by_source.lab B                             0.2500
GG.b.by_type.C                                   0.2500
GG.b.by_type.G                                   0.1667
GG.b.by_type.N                                   0.0833
GG.b.hi                                          0.8333
GG.b.lo                                          0.3333
GH.ones.belnap_represents                        False
GH.ones.glut_lower                               1.0000
GH.ones.represents                               True
GH.ones.sl_b                                     0.3333
GH.ones.sl_d                                     0.3333
GH.ones.sl_u                                     0.3333
GH.ones.sum                                      3.0000
GH.prop.same_SL_as_x                             True
GH.prop.sum                                      1.2000
GH.x.belnap_represents                           False
GH.x.glut_lower                                  0.6000
GH.x.represents                                  True
GH.x.sl_b                                        0.3750
GH.x.sl_d                                        0.2917
GH.x.sl_u                                        0.3333
GH.x.sum                                         2.4000
GH.x.sure_loss_degree                            0.3000
GI.after_b                                       0.4286
GI.after_d                                       0.2857
GI.after_u                                       0.2857
GI.anti_b                                        -0.3333
GI.anti_beta_ok                                  False
GI.anti_d                                        0.6667
GI.anti_u                                        0.6667
GJ.e37.max_err_int                               0.0000
GJ.e37.max_err_real                              0.0000
GJ.e37.mem_C1_bytes                              1600000.0000
GJ.e37.mem_R1_bytes                              480.0000
GJ.e37.mem_R2_bytes                              168.0000
GJ.e37.ratio                                     3333.3333
GJ.e37.us_C1_K20                                 255.8000
GJ.e37.us_R1_K20                                 10.0000
GJ.e38.cells_P03                                 25.0000
GJ.e38.dsa_drift.diff                            -0.0016
GJ.e38.dsa_drift.hi                              0.0029
GJ.e38.dsa_drift.lo                              -0.0085
GJ.e38.max_P_all.rnel_stream                     0.9960
GJ.e38.median.I_all.credal_trim                  0.6062
GJ.e38.median.I_all.rnel_inst                    0.6574
GJ.e38.median.I_all.rnel_stream                  0.3733
GJ.e38.median.I_all.vote_stream                  0.3569
GJ.e38.median.P_all.credal_trim                  0.6123
GJ.e38.median.P_all.rnel_inst                    0.6562
GJ.e38.median.P_all.rnel_stream                  0.7834
GJ.e38.median.P_all.vote_stream                  0.7190
GJ.e38.median.P_rho0.3.credal_trim               0.6570
GJ.e38.median.P_rho0.3.rnel_inst                 0.6450
GJ.e38.median.P_rho0.3.rnel_stream               0.7834
GJ.e38.median.P_rho0.3.vote_stream               0.7769
GJ.e38.vote_ties_or_beats_P03                    11.0000
GJ.e40.dempster_kappa                            0.3600
GJ.e40.dempster_mOmega                           0.2500
GJ.e40.k=10.S1_agreement.Cstar                   0.0000
GJ.e40.k=10.S1_agreement.kappa                   0.8907
GJ.e40.k=10.S2_conflict.Cstar                    0.8927
GJ.e40.k=10.S2_conflict.kappa                    1.0000
GJ.e40.k=10.S3_ambiguity.Cstar                   0.0345
GJ.e40.k=10.S3_ambiguity.kappa                   0.9979
GJ.e40.k=10.auroc_Cstar                          1.0000
GJ.e40.k=10.auroc_kappa                          1.0000
GJ.e40.k=10.auroc_u                              0.5000
GJ.e40.k=10.u_monotone_share                     1.0000
GJ.e40.k=4.S1_agreement.Cstar                    0.0000
GJ.e40.k=4.S1_agreement.kappa                    0.5862
GJ.e40.k=4.S2_conflict.Cstar                     0.8863
GJ.e40.k=4.S2_conflict.kappa                     0.9940
GJ.e40.k=4.S3_ambiguity.Cstar                    0.0242
GJ.e40.k=4.S3_ambiguity.kappa                    0.8709
GJ.e40.k=4.auroc_Cstar                           1.0000
GJ.e40.k=4.auroc_kappa                           1.0000
GJ.e40.k=4.auroc_u                               0.5000
GJ.e40.k=4.u_monotone_share                      1.0000
GJ.e40.k=6.S1_agreement.Cstar                    0.0000
GJ.e40.k=6.S1_agreement.kappa                    0.7365
GJ.e40.k=6.S2_conflict.Cstar                     0.8891
GJ.e40.k=6.S2_conflict.kappa                     0.9997
GJ.e40.k=6.S3_ambiguity.Cstar                    0.0271
GJ.e40.k=6.S3_ambiguity.kappa                    0.9672
GJ.e40.k=6.auroc_Cstar                           1.0000
GJ.e40.k=6.auroc_kappa                           1.0000
GJ.e40.k=6.auroc_u                               0.5000
GJ.e40.k=6.u_monotone_share                      1.0000
GJ.e40c.C_star.k=10,n=250                        1.0000
GJ.e40c.C_star.k=20,n=250                        1.0000
GJ.e40c.C_star.k=4,n=250                         1.0000
GJ.e40c.C_star.k=6,n=10                          1.0000
GJ.e40c.C_star.k=6,n=20                          1.0000
GJ.e40c.kappa.k=10,n=250                         0.7500
GJ.e40c.kappa.k=20,n=250                         0.5025
GJ.e40c.kappa.k=4,n=250                          1.0000
GJ.e40c.kappa.k=6,n=10                           0.7900
GJ.e40c.kappa.k=6,n=20                           1.0000
GJ.e40c.u.k=10,n=250                             0.5000
GJ.e40c.u.k=20,n=250                             0.5000
GJ.e40c.u.k=4,n=250                              0.5000
GJ.e40c.u.k=6,n=10                               0.5000
GJ.e40c.u.k=6,n=20                               0.5000
GK.abc.Cstar                                     0.6000
GK.abc.Cwithin                                   0.3000
GK.abc.dissonance                                0.9000
GK.coin.Cstar                                    0.0000
GK.coin.Cwithin                                  0.8889
GK.coin.dissonance                               0.8889
GK.dispute.Cstar                                 0.8889
GK.dispute.Cwithin                               0.0000
GK.dispute.dissonance                            0.8889
GK.identity_holds                                True
GL.C_balanced_views                              0.0000
GL.C_split_views                                 0.5787
GL.same_pooled                                   True
GT.est.by_type.C                                 0.4000
GT.est.by_type.G                                 0.2000
GT.est.hi                                        0.8000
GT.est.lo                                        0.2000
GT.glut.F                                        0.6000
GT.glut.I                                        0.2000
GT.glut.T                                        0.6000
GT.glut.belnap                                   True
GT.glut.glut_lower                               0.2000
GT.glut.minimal                                  True
GT.glut.sure_loss                                0.1000
GT.norm.F                                        0.2000
GT.norm.I                                        0.6000
GT.norm.T                                        0.2000
GT.norm.coherent_lift                            True
GT.relfreq                                       0.5000
