16.1.T                               0.3000
16.1.C                               0.2000
16.1.U                               0.1000
16.1.N                               0.1000
16.1.G                               0.2000
16.1.F                               0.1000
16.1.total                           1.0000
16.1.sl_b                            0.3000
16.1.sl_d                            0.1000
16.1.sl_u                            0.6000
16.1.decision                        G
16.1.side_count                      3.0000
16.1.required                        3.0000
16.2.total                           1.5120
16.2.excess                          0.5120
16.3.b                               0.5000
16.3.d                               0.2500
16.3.u                               0.2500
16.3.paraconsistency                 0.8000
16.3.glut_lower                      0.3500
16.4.0.5,0.5,0.5.belnap              True
16.4.0.5,0.5,0.5.disjoint            False
16.4.0.5,0.5,0.5.minimal             True
16.4.0.7,0.2,0.6.belnap              True
16.4.0.7,0.2,0.6.disjoint            False
16.4.0.7,0.2,0.6.minimal             True
16.4.0.2,0.9,0.1.belnap              False
16.4.0.2,0.9,0.1.disjoint            False
16.4.0.2,0.9,0.1.minimal             True
16.5.single.C                        0.0000
16.5.two.C                           0.2963
16.5.single.Cstar                    0.0000
16.5.two.Cstar                       0.8000
16.5.ci_lo                           0.4000
16.5.ci_hi                           0.6000
16.6.R                               8.0000
16.6.S                               8.0000
16.6.Kw                              4.0000
16.6.Kb                              4.0000
16.6.Cstar                           0.4444
16.6.check                           True
16.6.maxpair_DC                      0.2812
16.7.b                               -0.2500
16.7.d                               0.7500
16.7.u                               0.5000
16.7.beta_ok                         False
16.7.r                               -1.0000
16.7.bound_r                         -1.0000
16.8.old_refuted_t                   [1]
16.8.new_refuted_t                   []
17.1.T                               0.7143
17.1.G                               0.2857
17.2.T                               0.2000
17.2.F                               0.2000
17.2.C                               0.4000
17.2.G                               0.2000
17.2.sl_u                            0.6000
17.2.dissonance_binary               0.6667
17.3.dissonance                      0.8750
17.3.Cstar                           0.3750
17.3.Cw                              0.5000
17.3.single_Cstar                    0.0000
17.4.loss_C                          0.4463
17.4.loss_T                          1.9661
17.4.torch_check                     True
17.5.T                               0.4615
17.5.F                               0.3846
17.5.G                               0.1538
17.5.C                               0.2935
18.1.split.b1                        0.6667
18.1.split.d1                        0.1667
18.1.split.b2                        0.2500
18.1.split.d2                        0.5833
18.1.split.C                         0.2894
18.1.close.b1                        0.5000
18.1.close.d1                        0.3333
18.1.close.b2                        0.4167
18.1.close.d2                        0.4167
18.1.close.C                         0.0579
