{
  "max_error_vs_alpha_beta_minus_half": 2.220446049250313e-16,
  "kernel_direction": [
    1,
    0,
    1
  ],
  "max_error_on_normalised_plane": 1.1102230246251565e-16,
  "worked": {
    "(0.7,0.2,0.3)": [
      0.6,
      0.8
    ],
    "(0.7,0.2,0.5)": [
      0.5,
      0.7
    ],
    "(0,1,1)": [
      -0.5,
      0.5
    ],
    "(0,0,0)": [
      0.5,
      0.5
    ],
    "(0.2,0.3,0.2)": [
      0.35,
      0.65
    ],
    "(0.5,0.3,0.5)": [
      0.35,
      0.65
    ]
  },
  "share_outside_unit_interval": 0.3338
}
