{
 "ellsberg": {
  "red": [
   0.333333,
   0.333333
  ],
  "black": [
   0.0,
   0.666667
  ],
  "yellow": [
   0.0,
   0.666667
  ],
  "red_or_black": [
   0.333333,
   1.0
  ],
  "black_or_yellow": [
   0.666667,
   0.666667
  ]
 },
 "coin_gamble": [
  1.0,
  5.5
 ],
 "sureloss_ab": 0.05,
 "natext": {
  "[0]": [
   0.2,
   0.7
  ],
  "[1]": [
   0.3,
   0.8
  ],
  "[2]": [
   0.0,
   0.4
  ],
  "[0, 1]": [
   0.6,
   1.0
  ],
  "[0, 2]": [
   0.2,
   0.7
  ],
  "[1, 2]": [
   0.3,
   0.8
  ]
 },
 "belief": {
  "a": {
   "Bel": 0.3,
   "Pl": 0.6,
   "triple": [
    0.3,
    0.3,
    0.4
   ]
  },
  "b": {
   "Bel": 0,
   "Pl": 0.7,
   "triple": [
    0,
    0.7,
    0.3
   ]
  },
  "c": {
   "Bel": 0,
   "Pl": 0.7,
   "triple": [
    0,
    0.7,
    0.3
   ]
  },
  "ab": {
   "Bel": 0.3,
   "Pl": 1.0,
   "triple": [
    0.3,
    0.7,
    0
   ]
  },
  "ac": {
   "Bel": 0.3,
   "Pl": 1.0,
   "triple": [
    0.3,
    0.7,
    0
   ]
  },
  "bc": {
   "Bel": 0.4,
   "Pl": 0.7,
   "triple": [
    0.4,
    0.3,
    0.3
   ]
  }
 },
 "straddle": {
  "a": 0.3,
  "b": 0.7,
  "c": 0.7,
  "ab": 0.7,
  "ac": 0.7,
  "bc": 0.3
 },
 "copulas_06_07": {
  "Pi": 0.42,
  "M": 0.6,
  "W": 0.3,
  "Clayton2": 0.5117,
  "Clayton2_survival": 0.5472
 },
 "nnorms": {
  "algebraic": [
   0.3,
   0.52,
   0.44
  ],
  "minmax": [
   0.5,
   0.4,
   0.3
  ],
  "frechet": [
   0.1,
   0.4,
   0.3
  ]
 },
 "plith_op": {
  "0": {
   "conj": 0.35,
   "disj": 0.85
  },
  "0.25": {
   "conj": 0.475,
   "disj": 0.725
  },
  "0.5": {
   "conj": 0.6,
   "disj": 0.6
  },
  "0.75": {
   "conj": 0.725,
   "disj": 0.475
  },
  "1": {
   "conj": 0.85,
   "disj": 0.35
  }
 },
 "C1_delta": 0.066667,
 "C1_delta_exact": "1/15",
 "C2_correction": {
  "(0,)": [
   0.5,
   0.5,
   0.0
  ],
  "(1,)": [
   0.0,
   0.5,
   0.5
  ],
  "(2,)": [
   0.0,
   0.5,
   0.5
  ],
  "(0, 1)": [
   0.5,
   0.5,
   0.0
  ],
  "(0, 2)": [
   0.5,
   0.5,
   0.0
  ],
  "(1, 2)": [
   0.0,
   0.5,
   0.5
  ]
 },
 "sing4": {
  "Delta": 0.3,
  "sumI": 0.8,
  "proper": true,
  "reach": [
   true,
   true,
   true,
   true
  ],
  "natext": {
   "(0, 1)": {
    "closed": [
     0.3,
     0.6
    ],
    "lp": [
     0.3,
     0.6
    ],
    "triple": [
     0.3,
     0.3,
     0.4
    ]
   },
   "(2,)": {
    "closed": [
     0.3,
     0.6
    ],
    "lp": [
     0.3,
     0.6
    ],
    "triple": [
     0.3,
     0.3,
     0.4
    ]
   },
   "(0, 2, 3)": {
    "closed": [
     0.7,
     0.8
    ],
    "lp": [
     0.7,
     0.8
    ],
    "triple": [
     0.7,
     0.1,
     0.2
    ]
   },
   "(1, 3)": {
    "closed": [
     0.3,
     0.6
    ],
    "lp": [
     0.3,
     0.6
    ],
    "triple": [
     0.3,
     0.3,
     0.4
    ]
   }
  }
 },
 "sing4_bad": {
  "Delta": 0.3,
  "reach": [
   false,
   true,
   true,
   true
  ],
  "corrected": [
   [
    0.1,
    0.4
   ],
   [
    0.2,
    0.3
   ],
   [
    0.3,
    0.6
   ],
   [
    0.1,
    0.3
   ]
  ]
 },
 "idm631": {
  "T": [
   0.5,
   0.25,
   0.0833
  ],
  "I": 0.1667,
  "L_01": 0.75,
  "U_01": 0.9167
 },
 "thm3_ex": {
  "triple": [
   0.7,
   0.1,
   0.6
  ],
  "delta": 0.15
 },
 "sym_reading": {
  "t_02_03_02": [
   0.35,
   0.65
  ]
 },
 "sl_chart": {
  "Ts": 0.75,
  "Fs": 0.6,
  "sum": 1.35,
  "rq": 18,
  "W2": 4,
  "b": 0.5455,
  "d": 0.2727,
  "u": 0.1818,
  "b_direct": "6/11",
  "d_direct": "3/11",
  "u_direct": "2/11",
  "interval": [
   0.5455,
   0.7273
  ],
  "sure_loss": 0.175
 },
 "glut_08_03_07": {
  "T": [
   0.8,
   [
    0.2,
    0.0,
    0.0,
    0.8
   ]
  ],
  "I": [
   0.3,
   [
    0.0,
    0.7,
    0.0,
    0.3
   ]
  ],
  "F": [
   0.7,
   [
    0.0,
    0.0,
    0.3,
    0.7
   ]
  ],
  "min_mass_atom_101": 0.0,
  "min_P_ET_and_EF": 0.5
 },
 "thm7": {
  "algebraic": [
   0.3,
   0.52,
   0.28
  ],
  "credal_indep": [
   0.3,
   0.72
  ],
  "I_credal": 0.42,
  "sigma": 0.1,
  "comon": [
   0.5,
   0.8
  ],
  "minmax": [
   0.5,
   0.4,
   0.2
  ],
  "surplus_minmax": 0.1,
  "frechet": [
   0.1,
   0.4,
   0.2
  ]
 },
 "plith_nnorm": {
  "0": {
   "indep": [
    0.3,
    0.3,
    0.44
   ],
   "comon": [
    0.5,
    0.3,
    0.3
   ],
   "countermon": [
    0.1,
    0.3,
    0.5
   ],
   "no_assumption": [
    0.1,
    0.3,
    0.3
   ]
  },
  "0.3": {
   "indep": [
    0.45,
    0.3,
    0.326
   ],
   "comon": [
    0.53,
    0.3,
    0.27
   ],
   "countermon": [
    0.37,
    0.3,
    0.35
   ],
   "no_assumption": [
    0.37,
    0.3,
    0.27
   ]
  },
  "0.5": {
   "indep": [
    0.55,
    0.3,
    0.25
   ],
   "comon": [
    0.55,
    0.3,
    0.25
   ],
   "countermon": [
    0.55,
    0.3,
    0.25
   ],
   "no_assumption": [
    0.55,
    0.3,
    0.25
   ]
  },
  "0.8": {
   "indep": [
    0.7,
    0.3,
    0.136
   ],
   "comon": [
    0.58,
    0.3,
    0.22
   ],
   "countermon": [
    0.82,
    0.3,
    0.1
   ],
   "no_assumption": [
    0.58,
    0.3,
    0.1
   ]
  }
 },
 "assoc": {
  "left": 0.435,
  "right": 0.288,
  "diff": 0.147,
  "formula": 0.147
 },
 "ex": {
  "idm_843": {
   "T": [
    0.4706,
    0.2353,
    0.1765
   ],
   "I": 0.1176
  },
  "sl_r2q8": {
   "Ts": 0.5,
   "Fs": 0.8,
   "rq": 16,
   "W2": 4
  },
  "delta_09_04": 0.15,
  "sigma_pi_03_02_05__04_04_02": 0.24,
  "mean_03_06_08": 0.5667
 }
}
ex_ch5_2 {'Delta': 0.4, 'attained': [[0.4, 0.6], [0.2, 0.3], [0.2, 0.3]]} ex_ch5_1 {'(2,)': (0.3, 0.6), '(1, 3)': (0.3, 0.6)}
group4 {'inputs': [0.3, 0.6, 0.8, 0.5], 'c': 0.3, 'seq_min': 0.2815, 'seq_max': 0.452, 'n_orders': 24, 'n_distinct': 11, 'nary_indep': 0.342, 'nary_comon': 0.45, 'mean': 0.55}
medical {'T_noassump_c0': 0.25, 'T_noassump_c025': 0.4375, 'c_star': 0.3333, 'exact': '1/3', 'T_at_1_3': 0.5}
